
> recipe-app@0.1.0 dev
> next dev

⚠ Port 3000 is in use by an unknown process, using available port 3001 instead.
▲ Next.js 16.2.1 (Turbopack)
- Local:         http://localhost:3001
- Network:       http://192.168.0.2:3001
- Environments: .env
✓ Ready in 568ms

○ Compiling / ...
⨯ ./src/app/page.tsx:1:1
Module not found: Can't resolve '@/actions/recipe'
[31m[1m>[0m [90m1 |[0m [36mimport[0m { getRecipes } [36mfrom[0m [32m"@/actions/recipe"[0m;
  [90m  |[0m [31m[1m^^^^^^^^^^^^^^^^^^^^^^^^^^^^^^^^^^^^^^^^^^^^^^[0m
  [90m2 |[0m [36mimport[0m { [33mRecipeCard[0m } [36mfrom[0m [32m"@/components/recipes/RecipeCard"[0m;
  [90m3 |[0m [36mimport[0m { [33mRecipeFilters[0m } [36mfrom[0m [32m"@/components/recipes/RecipeFilters"[0m;
  [90m4 |[0m [36mimport[0m { [33mSuspense[0m } [36mfrom[0m [32m"react"[0m;

Import map: aliased to relative './src/actions/recipe' inside of [project]/


https://nextjs.org/docs/messages/module-not-found



./src/app/page.tsx:2:1
Module not found: Can't resolve '@/components/recipes/RecipeCard'
  [90m1 |[0m [36mimport[0m { getRecipes } [36mfrom[0m [32m"@/actions/recipe"[0m;
[31m[1m>[0m [90m2 |[0m [36mimport[0m { [33mRecipeCard[0m } [36mfrom[0m [32m"@/components/recipes/RecipeCard"[0m;
  [90m  |[0m [31m[1m^^^^^^^^^^^^^^^^^^^^^^^^^^^^^^^^^^^^^^^^^^^^^^^^^^^^^^^^^^^^^[0m
  [90m3 |[0m [36mimport[0m { [33mRecipeFilters[0m } [36mfrom[0m [32m"@/components/recipes/RecipeFilters"[0m;
  [90m4 |[0m [36mimport[0m { [33mSuspense[0m } [36mfrom[0m [32m"react"[0m;
  [90m5 |[0m [36mimport[0m { [33mUtensilsCrossed[0m } [36mfrom[0m [32m"lucide-react"[0m;

Import map: aliased to relative './src/components/recipes/RecipeCard' inside of [project]/


https://nextjs.org/docs/messages/module-not-found



./src/app/page.tsx:3:1
Module not found: Can't resolve '@/components/recipes/RecipeFilters'
  [90m1 |[0m [36mimport[0m { getRecipes } [36mfrom[0m [32m"@/actions/recipe"[0m;
  [90m2 |[0m [36mimport[0m { [33mRecipeCard[0m } [36mfrom[0m [32m"@/components/recipes/RecipeCard"[0m;
[31m[1m>[0m [90m3 |[0m [36mimport[0m { [33mRecipeFilters[0m } [36mfrom[0m [32m"@/components/recipes/RecipeFilters"[0m;
  [90m  |[0m [31m[1m^^^^^^^^^^^^^^^^^^^^^^^^^^^^^^^^^^^^^^^^^^^^^^^^^^^^^^^^^^^^^^^^^^^[0m
  [90m4 |[0m [36mimport[0m { [33mSuspense[0m } [36mfrom[0m [32m"react"[0m;
  [90m5 |[0m [36mimport[0m { [33mUtensilsCrossed[0m } [36mfrom[0m [32m"lucide-react"[0m;
  [90m6 |[0m

Import map: aliased to relative './src/components/recipes/RecipeFilters' inside of [project]/


https://nextjs.org/docs/messages/module-not-found


 GET / 500 in 6.9s (next.js: 6.6s, application-code: 373ms)
[browser] Uncaught Error: ./src/app/page.tsx:1:1
Module not found: Can't resolve '@/actions/recipe'
> 1 | import { getRecipes } from "@/actions/recipe";
    | ^^^^^^^^^^^^^^^^^^^^^^^^^^^^^^^^^^^^^^^^^^^^^^
  2 | import { RecipeCard } from "@/components/recipes/RecipeCard";
  3 | import { RecipeFilters } from "@/components/recipes/RecipeFilters";
  4 | import { Suspense } from "react";

Import map: aliased to relative './src/actions/recipe' inside of [project]/


https://nextjs.org/docs/messages/module-not-found


    at <unknown> (Error: ./src/app/page.tsx:1:1)
    at <unknown> (https://nextjs.org/docs/messages/module-not-found)
    at <unknown> (Error: (./src/app/page.tsx:1:1)
    at <unknown> (https://nextjs.org/docs/messages/module-not-found)
[browser] ./src/app/page.tsx:1:1
Module not found: Can't resolve '@/actions/recipe'
> 1 | import { getRecipes } from "@/actions/recipe";
    | ^^^^^^^^^^^^^^^^^^^^^^^^^^^^^^^^^^^^^^^^^^^^^^
  2 | import { RecipeCard } from "@/components/recipes/RecipeCard";
  3 | import { RecipeFilters } from "@/components/recipes/RecipeFilters";
  4 | import { Suspense } from "react";

Import map: aliased to relative './src/actions/recipe' inside of [project]/

https://nextjs.org/docs/messages/module-not-found
[browser] ./src/app/page.tsx:2:1
Module not found: Can't resolve '@/components/recipes/RecipeCard'
  1 | import { getRecipes } from "@/actions/recipe";
> 2 | import { RecipeCard } from "@/components/recipes/RecipeCard";
    | ^^^^^^^^^^^^^^^^^^^^^^^^^^^^^^^^^^^^^^^^^^^^^^^^^^^^^^^^^^^^^
  3 | import { RecipeFilters } from "@/components/recipes/RecipeFilters";
  4 | import { Suspense } from "react";
  5 | import { UtensilsCrossed } from "lucide-react";

Import map: aliased to relative './src/components/recipes/RecipeCard' inside of [project]/

https://nextjs.org/docs/messages/module-not-found
[browser] ./src/app/page.tsx:3:1
Module not found: Can't resolve '@/components/recipes/RecipeFilters'
  1 | import { getRecipes } from "@/actions/recipe";
  2 | import { RecipeCard } from "@/components/recipes/RecipeCard";
> 3 | import { RecipeFilters } from "@/components/recipes/RecipeFilters";
    | ^^^^^^^^^^^^^^^^^^^^^^^^^^^^^^^^^^^^^^^^^^^^^^^^^^^^^^^^^^^^^^^^^^^
  4 | import { Suspense } from "react";
  5 | import { UtensilsCrossed } from "lucide-react";
  6 |

Import map: aliased to relative './src/components/recipes/RecipeFilters' inside of [project]/

https://nextjs.org/docs/messages/module-not-found
[browser] ./src/app/page.tsx:1:1
Module not found: Can't resolve '@/actions/recipe'
> 1 | import { getRecipes } from "@/actions/recipe";
    | ^^^^^^^^^^^^^^^^^^^^^^^^^^^^^^^^^^^^^^^^^^^^^^
  2 | import { RecipeCard } from "@/components/recipes/RecipeCard";
  3 | import { RecipeFilters } from "@/components/recipes/RecipeFilters";
  4 | import { Suspense } from "react";

Import map: aliased to relative './src/actions/recipe' inside of [project]/

https://nextjs.org/docs/messages/module-not-found
[browser] ./src/app/page.tsx:2:1
Module not found: Can't resolve '@/components/recipes/RecipeCard'
  1 | import { getRecipes } from "@/actions/recipe";
> 2 | import { RecipeCard } from "@/components/recipes/RecipeCard";
    | ^^^^^^^^^^^^^^^^^^^^^^^^^^^^^^^^^^^^^^^^^^^^^^^^^^^^^^^^^^^^^
  3 | import { RecipeFilters } from "@/components/recipes/RecipeFilters";
  4 | import { Suspense } from "react";
  5 | import { UtensilsCrossed } from "lucide-react";

Import map: aliased to relative './src/components/recipes/RecipeCard' inside of [project]/

https://nextjs.org/docs/messages/module-not-found
[browser] ./src/app/page.tsx:3:1
Module not found: Can't resolve '@/components/recipes/RecipeFilters'
  1 | import { getRecipes } from "@/actions/recipe";
  2 | import { RecipeCard } from "@/components/recipes/RecipeCard";
> 3 | import { RecipeFilters } from "@/components/recipes/RecipeFilters";
    | ^^^^^^^^^^^^^^^^^^^^^^^^^^^^^^^^^^^^^^^^^^^^^^^^^^^^^^^^^^^^^^^^^^^
  4 | import { Suspense } from "react";
  5 | import { UtensilsCrossed } from "lucide-react";
  6 |

Import map: aliased to relative './src/components/recipes/RecipeFilters' inside of [project]/

https://nextjs.org/docs/messages/module-not-found
[browser] ./src/app/page.tsx:1:1
Module not found: Can't resolve '@/actions/recipe'
> 1 | import { getRecipes } from "@/actions/recipe";
    | ^^^^^^^^^^^^^^^^^^^^^^^^^^^^^^^^^^^^^^^^^^^^^^
  2 | import { RecipeCard } from "@/components/recipes/RecipeCard";
  3 | import { RecipeFilters } from "@/components/recipes/RecipeFilters";
  4 | import { Suspense } from "react";

Import map: aliased to relative './src/actions/recipe' inside of [project]/

https://nextjs.org/docs/messages/module-not-found
[browser] ./src/app/page.tsx:2:1
Module not found: Can't resolve '@/components/recipes/RecipeCard'
  1 | import { getRecipes } from "@/actions/recipe";
> 2 | import { RecipeCard } from "@/components/recipes/RecipeCard";
    | ^^^^^^^^^^^^^^^^^^^^^^^^^^^^^^^^^^^^^^^^^^^^^^^^^^^^^^^^^^^^^
  3 | import { RecipeFilters } from "@/components/recipes/RecipeFilters";
  4 | import { Suspense } from "react";
  5 | import { UtensilsCrossed } from "lucide-react";

Import map: aliased to relative './src/components/recipes/RecipeCard' inside of [project]/

https://nextjs.org/docs/messages/module-not-found
[browser] ./src/app/page.tsx:3:1
Module not found: Can't resolve '@/components/recipes/RecipeFilters'
  1 | import { getRecipes } from "@/actions/recipe";
  2 | import { RecipeCard } from "@/components/recipes/RecipeCard";
> 3 | import { RecipeFilters } from "@/components/recipes/RecipeFilters";
    | ^^^^^^^^^^^^^^^^^^^^^^^^^^^^^^^^^^^^^^^^^^^^^^^^^^^^^^^^^^^^^^^^^^^
  4 | import { Suspense } from "react";
  5 | import { UtensilsCrossed } from "lucide-react";
  6 |

Import map: aliased to relative './src/components/recipes/RecipeFilters' inside of [project]/

https://nextjs.org/docs/messages/module-not-found
